// Jest Snapshot v1, https://goo.gl/fbAQLP

exports[`AppRoute component should temporary use a ComingSoon function as component for routes not available yet 1`] = `
<p
  style="margin-left: 2em"
>
  Coming soon!
</p>
`;
