// Jest Snapshot v1, https://goo.gl/fbAQLP

exports[`Sidebar component should be rendered correctly 1`] = `
<aside
  className="coz-sidebar"
>
  <_translate />
</aside>
`;
