exports[`Topbar component should be rendered correctly according the viewName 1`] = `
<div
  className="pho-content-header">
  <h2
    className="pho-content-title">
    Photos
  </h2>
  <Connect(_translate) />
</div>
`;
